###########################################################
####               ICTC Regression Report              ####
###########################################################
Total testcase run: 89
Passed            : 89
Failed            : 0
Unknown           : 0
Used time         : 35m 56s
-----------------------------------------------------------
Run log detail:
log/disenable_empty_rx_fifo_test_312802.log: => Passed
log/disenable_empty_tx_fifo_test_155134.log: => Passed
log/disenable_full_rx_fifo_test_113659.log: => Passed
log/disenable_full_tx_fifo_test_651805.log: => Passed
log/enable_empty_rx_fifo_test_512054.log: => Passed
log/enable_empty_tx_fifo_test_549054.log: => Passed
log/enable_full_rx_fifo_test_103644.log: => Passed
log/enable_full_tx_fifo_test_529897.log: => Passed
log/error_parity_test_114414.log: => Passed
log/error_reserved_test_997339.log: => Passed
log/normal_parity_test_682554.log: => Passed
log/register_default_value_test_190225.log: => Passed
log/register_read_write_test_751239.log: => Passed
log/register_reserved_test_549057.log: => Passed
log/register_reset_test_859195.log: => Passed
log/RX_13x_115200_baud_test_564099.log: => Passed
log/RX_13x_19200_baud_test_515154.log: => Passed
log/RX_13x_1_stop_bit_test_898108.log: => Passed
log/RX_13x_2400_baud_test_822154.log: => Passed
log/RX_13x_2_stop_bit_test_583084.log: => Passed
log/RX_13x_38400_baud_test_404297.log: => Passed
log/RX_13x_4800_baud_test_489952.log: => Passed
log/RX_13x_5bits_data_test_465162.log: => Passed
log/RX_13x_6bits_data_test_676255.log: => Passed
log/RX_13x_76800_baud_test_800984.log: => Passed
log/RX_13x_7bits_data_test_159044.log: => Passed
log/RX_13x_8bits_data_test_664515.log: => Passed
log/RX_13x_9600_baud_test_884606.log: => Passed
log/RX_13x_combination_test_387447.log: => Passed
log/RX_13x_custom_baud_test_254958.log: => Passed
log/RX_13x_even_parity_test_566831.log: => Passed
log/RX_13x_no_parity_test_385664.log: => Passed
log/RX_13x_odd_parity_test_227188.log: => Passed
log/RX_16x_115200_baud_test_157049.log: => Passed
log/RX_16x_19200_baud_test_505826.log: => Passed
log/RX_16x_1_stop_bit_test_247058.log: => Passed
log/RX_16x_2400_baud_test_157685.log: => Passed
log/RX_16x_2_stop_bit_test_437164.log: => Passed
log/RX_16x_38400_baud_test_231781.log: => Passed
log/RX_16x_4800_baud_test_839222.log: => Passed
log/RX_16x_5bits_data_test_797096.log: => Passed
log/RX_16x_6bits_data_test_145994.log: => Passed
log/RX_16x_76800_baud_test_316627.log: => Passed
log/RX_16x_7bits_data_test_486205.log: => Passed
log/RX_16x_8bits_data_test_922196.log: => Passed
log/RX_16x_9600_baud_test_738953.log: => Passed
log/RX_16x_combination_test_442460.log: => Passed
log/RX_16x_custom_baud_test_801242.log: => Passed
log/RX_16x_even_parity_test_403130.log: => Passed
log/RX_16x_no_parity_test_822471.log: => Passed
log/RX_16x_odd_parity_test_652593.log: => Passed
log/RX_reset_on_the_fly_test_355965.log: => Passed
log/TX_13x_115200_baud_test_373584.log: => Passed
log/TX_13x_19200_baud_test_747435.log: => Passed
log/TX_13x_1_stop_bit_test_793828.log: => Passed
log/TX_13x_2400_baud_test_412289.log: => Passed
log/TX_13x_2_stop_bit_test_509709.log: => Passed
log/TX_13x_38400_baud_test_859800.log: => Passed
log/TX_13x_4800_baud_test_333219.log: => Passed
log/TX_13x_5bits_data_test_830284.log: => Passed
log/TX_13x_6bits_data_test_330389.log: => Passed
log/TX_13x_76800_baud_test_620046.log: => Passed
log/TX_13x_7bits_data_test_725412.log: => Passed
log/TX_13x_8bits_data_test_310537.log: => Passed
log/TX_13x_9600_baud_test_119132.log: => Passed
log/TX_13x_combination_test_975680.log: => Passed
log/TX_13x_custom_baud_test_318666.log: => Passed
log/TX_13x_even_parity_test_207209.log: => Passed
log/TX_13x_no_parity_test_501434.log: => Passed
log/TX_13x_odd_parity_test_940198.log: => Passed
log/TX_16x_115200_baud_test_532375.log: => Passed
log/TX_16x_19200_baud_test_825503.log: => Passed
log/TX_16x_1_stop_bit_test_107122.log: => Passed
log/TX_16x_2400_baud_test_373288.log: => Passed
log/TX_16x_2_stop_bit_test_952888.log: => Passed
log/TX_16x_38400_baud_test_385141.log: => Passed
log/TX_16x_4800_baud_test_762700.log: => Passed
log/TX_16x_5bits_data_test_267585.log: => Passed
log/TX_16x_6bits_data_test_267764.log: => Passed
log/TX_16x_76800_baud_test_903322.log: => Passed
log/TX_16x_7bits_data_test_456729.log: => Passed
log/TX_16x_8bits_data_test_130127.log: => Passed
log/TX_16x_9600_baud_test_981863.log: => Passed
log/TX_16x_combination_test_109459.log: => Passed
log/TX_16x_custom_baud_test_288780.log: => Passed
log/TX_16x_even_parity_test_215059.log: => Passed
log/TX_16x_no_parity_test_383262.log: => Passed
log/TX_16x_odd_parity_test_670885.log: => Passed
log/TX_reset_on_the_fly_test_555305.log: => Passed
-----------------------------------------------------------
